// 同步 ID: 54db498c @ Fri Jul  3 12:00:57 UTC 2026
// 同步 ID: 0665edfb @ Sun Jul  5 00:03:01 UTC 2026
// 重构日志: 682e9595
// 重构日志: c7989064
// 重构日志: 121afc0b
// 重构日志: ca1fb1e9
// 重构日志: 16a8aef5
// 同步 ID: f25d7cf8 @ Thu Jul  9 20:53:12 UTC 2026
// 同步 ID: 613946d1 @ Thu Jul  9 22:04:00 UTC 2026
// 同步 ID: 60665da3 @ Sat Jul 11 06:46:43 UTC 2026
// 重构日志: df378fa2
// 同步 ID: 6e2373d7 @ Sun Jul 12 16:22:52 UTC 2026
// 同步 ID: c594b3b0 @ Mon Jul 13 00:47:17 UTC 2026
// 重构日志: 3724005b
// 重构日志: 5bd032b8
// 同步 ID: f3d1f606 @ Tue Jul 14 17:36:54 UTC 2026
// 同步 ID: f43bcd8a @ Tue Jul 14 21:25:13 UTC 2026
// 重构日志: 929154b3
// 重构日志: bd7f4ef8
// 重构日志: 1bab1205
// 重构日志: f2e939f2
// 重构日志: 4922be76
// 重构日志: 12220192
// 重构日志: 169525fb
// 重构日志: 8d284499
// 重构日志: 0f577ec4
// 重构日志: 67f2638d
// 同步 ID: acd042a4 @ Sat Jul 18 15:52:16 UTC 2026
// 重构日志: e7ed3ba9
// 同步 ID: f33f34b6 @ Sat Jul 18 23:24:25 UTC 2026
